
[Incubating] Problems report is available at: file:///C:/it/it_backend/build/reports/problems/problems-report.html
./gradlew : 
위치 줄:1 문자:1
+ ./gradlew :it_backend:compileJava -x test > build_output.txt 2>&1
+ ~~~~~~~~~~~~~~~~~~~~~~~~~~~~~~~~~~~~~~~~~~~~~~~~~~~~~~~~~~~~~~~~~
    + CategoryInfo          : NotSpecified: (:String) [], RemoteException
    + FullyQualifiedErrorId : NativeCommandError
 
FAILURE: Build failed with an exception.

* What went wrong:
Cannot locate tasks that match ':it_backend:compileJava' as project 'it_ba
ckend' not found in root project 'it'.

* Try:
> Run gradlew projects to get a list of available projects.
> For more on name expansion, please refer to https://docs.gradle.org/9.2.
1/userguide/command_line_interface.html#sec:name_abbreviation in the Gradl
e documentation.
> Run with --stacktrace option to get the stack trace.
> Run with --info or --debug option to get more log output.
> Run with --scan to generate a Build Scan (powered by Develocity).
> Get more help at https://help.gradle.org.

Deprecated Gradle features were used in this build, making it incompatible with Gradle 10.

You can use '--warning-mode all' to show the individual deprecation warnings and determine if they come from your own scripts or plugins.

For more on this, please refer to https://docs.gradle.org/9.2.1/userguide/command_line_interface.html#sec:command_line_warnings in the Gradle documentation.

BUILD FAILED in 21s
